{
  "version": "1.5.0",
  "plugins_used": [
    {
      "name": "ArtifactoryDetector"
    },
    {
      "name": "AWSKeyDetector"
    },
    {
      "name": "AzureStorageKeyDetector"
    },
    {
      "name": "Base64HighEntropyString",
      "limit": 4.5
    },
    {
      "name": "BasicAuthDetector"
    },
    {
      "name": "CloudantDetector"
    },
    {
      "name": "DiscordBotTokenDetector"
    },
    {
      "name": "GitHubTokenDetector"
    },
    {
      "name": "GitLabTokenDetector"
    },
    {
      "name": "HexHighEntropyString",
      "limit": 3.0
    },
    {
      "name": "IbmCloudIamDetector"
    },
    {
      "name": "IbmCosHmacDetector"
    },
    {
      "name": "IPPublicDetector"
    },
    {
      "name": "JwtTokenDetector"
    },
    {
      "name": "KeywordDetector",
      "keyword_exclude": ""
    },
    {
      "name": "MailchimpDetector"
    },
    {
      "name": "NpmDetector"
    },
    {
      "name": "OpenAIDetector"
    },
    {
      "name": "PrivateKeyDetector"
    },
    {
      "name": "PypiTokenDetector"
    },
    {
      "name": "SendGridDetector"
    },
    {
      "name": "SlackDetector"
    },
    {
      "name": "SoftlayerDetector"
    },
    {
      "name": "SquareOAuthDetector"
    },
    {
      "name": "StripeDetector"
    },
    {
      "name": "TelegramBotTokenDetector"
    },
    {
      "name": "TwilioKeyDetector"
    }
  ],
  "filters_used": [
    {
      "path": "detect_secrets.filters.allowlist.is_line_allowlisted"
    },
    {
      "path": "detect_secrets.filters.common.is_ignored_due_to_verification_policies",
      "min_level": 2
    },
    {
      "path": "detect_secrets.filters.heuristic.is_indirect_reference"
    },
    {
      "path": "detect_secrets.filters.heuristic.is_likely_id_string"
    },
    {
      "path": "detect_secrets.filters.heuristic.is_lock_file"
    },
    {
      "path": "detect_secrets.filters.heuristic.is_not_alphanumeric_string"
    },
    {
      "path": "detect_secrets.filters.heuristic.is_potential_uuid"
    },
    {
      "path": "detect_secrets.filters.heuristic.is_prefixed_with_dollar_sign"
    },
    {
      "path": "detect_secrets.filters.heuristic.is_sequential_string"
    },
    {
      "path": "detect_secrets.filters.heuristic.is_swagger_file"
    },
    {
      "path": "detect_secrets.filters.heuristic.is_templated_secret"
    },
    {
      "path": "detect_secrets.filters.regex.should_exclude_file",
      "pattern": [
        "\\.venv/",
        "\\.claude/worktrees/"
      ]
    }
  ],
  "results": {
    ".claude/skills/django-drf-expert/references/drf-guidelines.md": [
      {
        "type": "Secret Keyword",
        "filename": ".claude/skills/django-drf-expert/references/drf-guidelines.md",
        "hashed_secret": "1c58bd92003bbaa0538e249fff6ee19a270dec5f",
        "is_verified": false,
        "line_number": 547
      }
    ],
    ".claude/skills/django-drf-expert/references/examples.md": [
      {
        "type": "Secret Keyword",
        "filename": ".claude/skills/django-drf-expert/references/examples.md",
        "hashed_secret": "1c58bd92003bbaa0538e249fff6ee19a270dec5f",
        "is_verified": false,
        "line_number": 293
      }
    ],
    ".claude/skills/django-drf-expert/references/performance-optimization.md": [
      {
        "type": "Secret Keyword",
        "filename": ".claude/skills/django-drf-expert/references/performance-optimization.md",
        "hashed_secret": "e727d1464ae12436e899a726da5b2f11d8381b26",
        "is_verified": false,
        "line_number": 206
      }
    ],
    ".claude/skills/django-drf-expert/references/security-checklist.md": [
      {
        "type": "Secret Keyword",
        "filename": ".claude/skills/django-drf-expert/references/security-checklist.md",
        "hashed_secret": "46cececbaed883708018123d36e6e50ce97221f6",
        "is_verified": false,
        "line_number": 160
      }
    ],
    ".claude/skills/django-drf-expert/references/testing-strategies.md": [
      {
        "type": "Secret Keyword",
        "filename": ".claude/skills/django-drf-expert/references/testing-strategies.md",
        "hashed_secret": "1c58bd92003bbaa0538e249fff6ee19a270dec5f",
        "is_verified": false,
        "line_number": 213
      },
      {
        "type": "Secret Keyword",
        "filename": ".claude/skills/django-drf-expert/references/testing-strategies.md",
        "hashed_secret": "9d4e1e23bd5b727046a9e3b4b7db57bd8d6ee684",
        "is_verified": false,
        "line_number": 795
      }
    ],
    "apps/accounts/tests.py": [
      {
        "type": "Secret Keyword",
        "filename": "apps/accounts/tests.py",
        "hashed_secret": "5c714424cd3da1ffd8ddb2cc1deeb9b6137956a4",
        "is_verified": false,
        "line_number": 40
      },
      {
        "type": "Secret Keyword",
        "filename": "apps/accounts/tests.py",
        "hashed_secret": "f97979ff44a9a1a4105f4bae6fe809715e0a0a84",
        "is_verified": false,
        "line_number": 175
      },
      {
        "type": "Secret Keyword",
        "filename": "apps/accounts/tests.py",
        "hashed_secret": "a4b48a81cdab1e1a5dd37907d6c85ca1c61ddc7c",
        "is_verified": false,
        "line_number": 223
      }
    ],
    "docker-compose.yml": [
      {
        "type": "Secret Keyword",
        "filename": "docker-compose.yml",
        "hashed_secret": "539ffdf7770cb403c6a8cfb9a6c9601584ac2400",
        "is_verified": false,
        "line_number": 8
      }
    ]
  },
  "generated_at": "2026-09-19T14:39:44Z"
}
